D:\logsentinel>logsentinel run --web
╭────────────────────────────── RocketLogAI ───────────────────────────────╮
│ RocketLogAI v1.0.0-beta — AI-Powered Syslog Security (AnythingIP) [BETA] │
│                                                                          │
│ Listening on: udp:0.0.0.0:5140, tcp:0.0.0.0:5140                         │
│ LLM endpoint: http://192.168.20.134:1234/v1                              │
│ Database: D:\logsentinel\data\logsentinel.db                             │
│ Analysis: every 45s                                                      │
│ Remediation: DISABLED (safe)                                             │
╰──────────────────────────────────────────────────────────────────────────╯
✓ Local LLM endpoint reachable
Traceback (most recent call last):
  File "<frozen runpy>", line 198, in _run_module_as_main
  File "<frozen runpy>", line 88, in _run_code
  File "C:\Users\Andrew\AppData\Local\Programs\Python\Python313\Scripts\logsentinel.exe\__main__.py", line 5, in <module>
    sys.exit(main())
             ~~~~^^
  File "C:\Users\Andrew\AppData\Local\Programs\Python\Python313\Lib\site-packages\click\core.py", line 1524, in __call__
    return self.main(*args, **kwargs)
           ~~~~~~~~~^^^^^^^^^^^^^^^^^
  File "C:\Users\Andrew\AppData\Local\Programs\Python\Python313\Lib\site-packages\click\core.py", line 1445, in main
    rv = self.invoke(ctx)
  File "C:\Users\Andrew\AppData\Local\Programs\Python\Python313\Lib\site-packages\click\core.py", line 1912, in invoke
    return _process_result(sub_ctx.command.invoke(sub_ctx))
                           ~~~~~~~~~~~~~~~~~~~~~~^^^^^^^^^
  File "C:\Users\Andrew\AppData\Local\Programs\Python\Python313\Lib\site-packages\click\core.py", line 1308, in invoke
    return ctx.invoke(self.callback, **ctx.params)
           ~~~~~~~~~~^^^^^^^^^^^^^^^^^^^^^^^^^^^^^
  File "C:\Users\Andrew\AppData\Local\Programs\Python\Python313\Lib\site-packages\click\core.py", line 877, in invoke
    return callback(*args, **kwargs)
  File "C:\Users\Andrew\AppData\Local\Programs\Python\Python313\Lib\site-packages\click\decorators.py", line 34, in new_func
    return f(get_current_context(), *args, **kwargs)
  File "D:\logsentinel\logsentinel\cli.py", line 240, in run
    asyncio.run(main_loop())
    ~~~~~~~~~~~^^^^^^^^^^^^^
  File "C:\Users\Andrew\AppData\Local\Programs\Python\Python313\Lib\asyncio\runners.py", line 195, in run
    return runner.run(main)
           ~~~~~~~~~~^^^^^^
  File "C:\Users\Andrew\AppData\Local\Programs\Python\Python313\Lib\asyncio\runners.py", line 118, in run
    return self._loop.run_until_complete(task)
           ~~~~~~~~~~~~~~~~~~~~~~~~~~~~~^^^^^^
  File "C:\Users\Andrew\AppData\Local\Programs\Python\Python313\Lib\asyncio\base_events.py", line 725, in run_until_complete
    return future.result()
           ~~~~~~~~~~~~~^^
  File "D:\logsentinel\logsentinel\cli.py", line 206, in main_loop
    display_host = "localhost (or your host IP)" if effective_web_host in ("0.0.0.0", "::") else effective_web_host
                                                    ^^^^^^^^^^^^^^^^^^
NameError: cannot access free variable 'effective_web_host' where it is not associated with a value in enclosing scope

D:\logsentinel>